Command line invocation:
    /Applications/Xcode.app/Contents/Developer/usr/bin/xcodebuild -project removebgpro.xcodeproj -scheme removebgpro -sdk iphonesimulator -destination id=EDD53E19-6C50-4856-9FDC-554BE16D4BD0 build

Build settings from command line:
    SDKROOT = iphonesimulator26.2

2026-02-05 19:43:51.466 xcodebuild[56222:1214944] [MT] IDERunDestination: Supported platforms for the buildables in the current scheme is empty.
--- xcodebuild: WARNING: Using the first of multiple matching destinations:
{ platform:iOS Simulator, arch:arm64, id:EDD53E19-6C50-4856-9FDC-554BE16D4BD0, OS:18.6, name:iPhone 16 Pro }
{ platform:iOS Simulator, arch:x86_64, id:EDD53E19-6C50-4856-9FDC-554BE16D4BD0, OS:18.6, name:iPhone 16 Pro }
ComputePackagePrebuildTargetDependencyGraph

Prepare packages

CreateBuildRequest

SendProjectDescription

CreateBuildOperation

ComputeTargetDependencyGraph
note: Building targets in dependency order
note: Target dependency graph (1 target)
    Target 'removebgpro' in project 'removebgpro' (no dependencies)

GatherProvisioningInputs

CreateBuildDescription

ExecuteExternalTool /Applications/Xcode.app/Contents/Developer/Toolchains/XcodeDefault.xctoolchain/usr/bin/clang -v -E -dM -isysroot /Applications/Xcode.app/Contents/Developer/Platforms/iPhoneSimulator.platform/Developer/SDKs/iPhoneSimulator26.2.sdk -x c -c /dev/null

ExecuteExternalTool /Applications/Xcode.app/Contents/Developer/usr/bin/actool --print-asset-tag-combinations --output-format xml1 /Users/blargou/Desktop/removebgpro/removebgpro/Assets.xcassets

ExecuteExternalTool /Applications/Xcode.app/Contents/Developer/usr/bin/actool --version --output-format xml1

ExecuteExternalTool /Applications/Xcode.app/Contents/Developer/Toolchains/XcodeDefault.xctoolchain/usr/bin/swiftc --version

ExecuteExternalTool /Applications/Xcode.app/Contents/Developer/Toolchains/XcodeDefault.xctoolchain/usr/bin/ld -version_details

Build description signature: fca02fe51140d4fa42e57a990289a4e1
Build description path: /Users/blargou/Library/Developer/Xcode/DerivedData/removebgpro-cvjhjmkxzlqhwybedzglivnkpsen/Build/Intermediates.noindex/XCBuildData/fca02fe51140d4fa42e57a990289a4e1.xcbuilddata
ClangStatCache /Applications/Xcode.app/Contents/Developer/Toolchains/XcodeDefault.xctoolchain/usr/bin/clang-stat-cache /Applications/Xcode.app/Contents/Developer/Platforms/iPhoneSimulator.platform/Developer/SDKs/iPhoneSimulator26.2.sdk /Users/blargou/Library/Developer/Xcode/DerivedData/SDKStatCaches.noindex/iphonesimulator26.2-23C53-7d00a8b37fbd7999ea79df8ebc024bf0.sdkstatcache
    cd /Users/blargou/Desktop/removebgpro/removebgpro.xcodeproj
    /Applications/Xcode.app/Contents/Developer/Toolchains/XcodeDefault.xctoolchain/usr/bin/clang-stat-cache /Applications/Xcode.app/Contents/Developer/Platforms/iPhoneSimulator.platform/Developer/SDKs/iPhoneSimulator26.2.sdk -o /Users/blargou/Library/Developer/Xcode/DerivedData/SDKStatCaches.noindex/iphonesimulator26.2-23C53-7d00a8b37fbd7999ea79df8ebc024bf0.sdkstatcache

WriteAuxiliaryFile /Users/blargou/Library/Developer/Xcode/DerivedData/removebgpro-cvjhjmkxzlqhwybedzglivnkpsen/Build/Intermediates.noindex/removebgpro.build/Debug-iphonesimulator/removebgpro.build/Objects-normal/arm64/removebgpro.LinkFileList (in target 'removebgpro' from project 'removebgpro')
    cd /Users/blargou/Desktop/removebgpro
    write-file /Users/blargou/Library/Developer/Xcode/DerivedData/removebgpro-cvjhjmkxzlqhwybedzglivnkpsen/Build/Intermediates.noindex/removebgpro.build/Debug-iphonesimulator/removebgpro.build/Objects-normal/arm64/removebgpro.LinkFileList

WriteAuxiliaryFile /Users/blargou/Library/Developer/Xcode/DerivedData/removebgpro-cvjhjmkxzlqhwybedzglivnkpsen/Build/Intermediates.noindex/removebgpro.build/Debug-iphonesimulator/removebgpro.build/Objects-normal/arm64/removebgpro.SwiftConstValuesFileList (in target 'removebgpro' from project 'removebgpro')
    cd /Users/blargou/Desktop/removebgpro
    write-file /Users/blargou/Library/Developer/Xcode/DerivedData/removebgpro-cvjhjmkxzlqhwybedzglivnkpsen/Build/Intermediates.noindex/removebgpro.build/Debug-iphonesimulator/removebgpro.build/Objects-normal/arm64/removebgpro.SwiftConstValuesFileList

ProcessProductPackaging "" /Users/blargou/Library/Developer/Xcode/DerivedData/removebgpro-cvjhjmkxzlqhwybedzglivnkpsen/Build/Intermediates.noindex/removebgpro.build/Debug-iphonesimulator/removebgpro.build/removebgpro.app-Simulated.xcent (in target 'removebgpro' from project 'removebgpro')
    cd /Users/blargou/Desktop/removebgpro
    
    Entitlements:
    
    {
    "application-identifier" = "324JS7T6K6.devlargou.removebgpro";
}
    
    builtin-productPackagingUtility -entitlements -format xml -o /Users/blargou/Library/Developer/Xcode/DerivedData/removebgpro-cvjhjmkxzlqhwybedzglivnkpsen/Build/Intermediates.noindex/removebgpro.build/Debug-iphonesimulator/removebgpro.build/removebgpro.app-Simulated.xcent

WriteAuxiliaryFile /Users/blargou/Library/Developer/Xcode/DerivedData/removebgpro-cvjhjmkxzlqhwybedzglivnkpsen/Build/Intermediates.noindex/removebgpro.build/Debug-iphonesimulator/removebgpro.build/Objects-normal/arm64/removebgpro.SwiftFileList (in target 'removebgpro' from project 'removebgpro')
    cd /Users/blargou/Desktop/removebgpro
    write-file /Users/blargou/Library/Developer/Xcode/DerivedData/removebgpro-cvjhjmkxzlqhwybedzglivnkpsen/Build/Intermediates.noindex/removebgpro.build/Debug-iphonesimulator/removebgpro.build/Objects-normal/arm64/removebgpro.SwiftFileList

ProcessProductPackagingDER /Users/blargou/Library/Developer/Xcode/DerivedData/removebgpro-cvjhjmkxzlqhwybedzglivnkpsen/Build/Intermediates.noindex/removebgpro.build/Debug-iphonesimulator/removebgpro.build/removebgpro.app-Simulated.xcent /Users/blargou/Library/Developer/Xcode/DerivedData/removebgpro-cvjhjmkxzlqhwybedzglivnkpsen/Build/Intermediates.noindex/removebgpro.build/Debug-iphonesimulator/removebgpro.build/removebgpro.app-Simulated.xcent.der (in target 'removebgpro' from project 'removebgpro')
    cd /Users/blargou/Desktop/removebgpro
    /usr/bin/derq query -f xml -i /Users/blargou/Library/Developer/Xcode/DerivedData/removebgpro-cvjhjmkxzlqhwybedzglivnkpsen/Build/Intermediates.noindex/removebgpro.build/Debug-iphonesimulator/removebgpro.build/removebgpro.app-Simulated.xcent -o /Users/blargou/Library/Developer/Xcode/DerivedData/removebgpro-cvjhjmkxzlqhwybedzglivnkpsen/Build/Intermediates.noindex/removebgpro.build/Debug-iphonesimulator/removebgpro.build/removebgpro.app-Simulated.xcent.der --raw

Ld /Users/blargou/Library/Developer/Xcode/DerivedData/removebgpro-cvjhjmkxzlqhwybedzglivnkpsen/Build/Products/Debug-iphonesimulator/removebgpro.app/__preview.dylib normal (in target 'removebgpro' from project 'removebgpro')
    cd /Users/blargou/Desktop/removebgpro
    /Applications/Xcode.app/Contents/Developer/Toolchains/XcodeDefault.xctoolchain/usr/bin/clang -Xlinker -reproducible -target arm64-apple-ios16.6-simulator -dynamiclib -isysroot /Applications/Xcode.app/Contents/Developer/Platforms/iPhoneSimulator.platform/Developer/SDKs/iPhoneSimulator26.2.sdk -O0 -L/Users/blargou/Library/Developer/Xcode/DerivedData/removebgpro-cvjhjmkxzlqhwybedzglivnkpsen/Build/Products/Debug-iphonesimulator -F/Users/blargou/Library/Developer/Xcode/DerivedData/removebgpro-cvjhjmkxzlqhwybedzglivnkpsen/Build/Products/Debug-iphonesimulator -install_name @rpath/removebgpro.debug.dylib -dead_strip -rdynamic -Xlinker -no_deduplicate -Xlinker -objc_abi_version -Xlinker 2 -Xlinker -debug_variant -Xlinker -dependency_info -Xlinker /Users/blargou/Library/Developer/Xcode/DerivedData/removebgpro-cvjhjmkxzlqhwybedzglivnkpsen/Build/Intermediates.noindex/removebgpro.build/Debug-iphonesimulator/removebgpro.build/Objects-normal/arm64/removebgpro_dependency_info.dat -Xlinker -sectcreate -Xlinker __TEXT -Xlinker __entitlements -Xlinker /Users/blargou/Library/Developer/Xcode/DerivedData/removebgpro-cvjhjmkxzlqhwybedzglivnkpsen/Build/Intermediates.noindex/removebgpro.build/Debug-iphonesimulator/removebgpro.build/removebgpro.app-Simulated.xcent -Xlinker -sectcreate -Xlinker __TEXT -Xlinker __ents_der -Xlinker /Users/blargou/Library/Developer/Xcode/DerivedData/removebgpro-cvjhjmkxzlqhwybedzglivnkpsen/Build/Intermediates.noindex/removebgpro.build/Debug-iphonesimulator/removebgpro.build/removebgpro.app-Simulated.xcent.der -Xlinker -no_adhoc_codesign -o /Users/blargou/Library/Developer/Xcode/DerivedData/removebgpro-cvjhjmkxzlqhwybedzglivnkpsen/Build/Products/Debug-iphonesimulator/removebgpro.app/__preview.dylib

CompileAssetCatalogVariant thinned /Users/blargou/Library/Developer/Xcode/DerivedData/removebgpro-cvjhjmkxzlqhwybedzglivnkpsen/Build/Products/Debug-iphonesimulator/removebgpro.app /Users/blargou/Desktop/removebgpro/removebgpro/Assets.xcassets (in target 'removebgpro' from project 'removebgpro')
    cd /Users/blargou/Desktop/removebgpro
    /Applications/Xcode.app/Contents/Developer/usr/bin/actool /Users/blargou/Desktop/removebgpro/removebgpro/Assets.xcassets --compile /Users/blargou/Library/Developer/Xcode/DerivedData/removebgpro-cvjhjmkxzlqhwybedzglivnkpsen/Build/Intermediates.noindex/removebgpro.build/Debug-iphonesimulator/removebgpro.build/assetcatalog_output/thinned --output-format human-readable-text --notices --warnings --export-dependency-info /Users/blargou/Library/Developer/Xcode/DerivedData/removebgpro-cvjhjmkxzlqhwybedzglivnkpsen/Build/Intermediates.noindex/removebgpro.build/Debug-iphonesimulator/removebgpro.build/assetcatalog_dependencies_thinned --output-partial-info-plist /Users/blargou/Library/Developer/Xcode/DerivedData/removebgpro-cvjhjmkxzlqhwybedzglivnkpsen/Build/Intermediates.noindex/removebgpro.build/Debug-iphonesimulator/removebgpro.build/assetcatalog_generated_info.plist_thinned --app-icon AppIcon --accent-color AccentColor --compress-pngs --enable-on-demand-resources YES --filter-for-thinning-device-configuration iPhone17,1 --filter-for-device-os-version 18.6 --development-region en --target-device iphone --target-device ipad --minimum-deployment-target 16.6 --platform iphonesimulator
/* com.apple.actool.compilation-results */
/Users/blargou/Library/Developer/Xcode/DerivedData/removebgpro-cvjhjmkxzlqhwybedzglivnkpsen/Build/Intermediates.noindex/removebgpro.build/Debug-iphonesimulator/removebgpro.build/assetcatalog_generated_info.plist_thinned
/Users/blargou/Library/Developer/Xcode/DerivedData/removebgpro-cvjhjmkxzlqhwybedzglivnkpsen/Build/Intermediates.noindex/removebgpro.build/Debug-iphonesimulator/removebgpro.build/assetcatalog_output/thinned/Assets.car


SwiftDriver removebgpro normal arm64 com.apple.xcode.tools.swift.compiler (in target 'removebgpro' from project 'removebgpro')
    cd /Users/blargou/Desktop/removebgpro
    builtin-SwiftDriver -- /Applications/Xcode.app/Contents/Developer/Toolchains/XcodeDefault.xctoolchain/usr/bin/swiftc -module-name removebgpro -Onone -enforce-exclusivity\=checked @/Users/blargou/Library/Developer/Xcode/DerivedData/removebgpro-cvjhjmkxzlqhwybedzglivnkpsen/Build/Intermediates.noindex/removebgpro.build/Debug-iphonesimulator/removebgpro.build/Objects-normal/arm64/removebgpro.SwiftFileList -DDEBUG -default-isolation\=MainActor -enable-bare-slash-regex -enable-upcoming-feature DisableOutwardActorInference -enable-upcoming-feature InferSendableFromCaptures -enable-upcoming-feature GlobalActorIsolatedTypesUsability -enable-upcoming-feature MemberImportVisibility -enable-upcoming-feature InferIsolatedConformances -enable-upcoming-feature NonisolatedNonsendingByDefault -enable-experimental-feature DebugDescriptionMacro -sdk /Applications/Xcode.app/Contents/Developer/Platforms/iPhoneSimulator.platform/Developer/SDKs/iPhoneSimulator26.2.sdk -target arm64-apple-ios16.6-simulator -g -module-cache-path /Users/blargou/Library/Developer/Xcode/DerivedData/ModuleCache.noindex -Xfrontend -serialize-debugging-options -profile-coverage-mapping -profile-generate -enable-testing -index-store-path /Users/blargou/Library/Developer/Xcode/DerivedData/removebgpro-cvjhjmkxzlqhwybedzglivnkpsen/Index.noindex/DataStore -Xcc -D_LIBCPP_HARDENING_MODE\=_LIBCPP_HARDENING_MODE_DEBUG -swift-version 5 -I /Users/blargou/Library/Developer/Xcode/DerivedData/removebgpro-cvjhjmkxzlqhwybedzglivnkpsen/Build/Products/Debug-iphonesimulator -F /Users/blargou/Library/Developer/Xcode/DerivedData/removebgpro-cvjhjmkxzlqhwybedzglivnkpsen/Build/Products/Debug-iphonesimulator -emit-localized-strings -emit-localized-strings-path /Users/blargou/Library/Developer/Xcode/DerivedData/removebgpro-cvjhjmkxzlqhwybedzglivnkpsen/Build/Intermediates.noindex/removebgpro.build/Debug-iphonesimulator/removebgpro.build/Objects-normal/arm64 -c -j8 -enable-batch-mode -incremental -Xcc -ivfsstatcache -Xcc /Users/blargou/Library/Developer/Xcode/DerivedData/SDKStatCaches.noindex/iphonesimulator26.2-23C53-7d00a8b37fbd7999ea79df8ebc024bf0.sdkstatcache -output-file-map /Users/blargou/Library/Developer/Xcode/DerivedData/removebgpro-cvjhjmkxzlqhwybedzglivnkpsen/Build/Intermediates.noindex/removebgpro.build/Debug-iphonesimulator/removebgpro.build/Objects-normal/arm64/removebgpro-OutputFileMap.json -use-frontend-parseable-output -save-temps -no-color-diagnostics -explicit-module-build -module-cache-path /Users/blargou/Library/Developer/Xcode/DerivedData/removebgpro-cvjhjmkxzlqhwybedzglivnkpsen/Build/Intermediates.noindex/SwiftExplicitPrecompiledModules -clang-scanner-module-cache-path /Users/blargou/Library/Developer/Xcode/DerivedData/ModuleCache.noindex -sdk-module-cache-path /Users/blargou/Library/Developer/Xcode/DerivedData/ModuleCache.noindex -serialize-diagnostics -emit-dependencies -emit-module -emit-module-path /Users/blargou/Library/Developer/Xcode/DerivedData/removebgpro-cvjhjmkxzlqhwybedzglivnkpsen/Build/Intermediates.noindex/removebgpro.build/Debug-iphonesimulator/removebgpro.build/Objects-normal/arm64/removebgpro.swiftmodule -validate-clang-modules-once -clang-build-session-file /Users/blargou/Library/Developer/Xcode/DerivedData/ModuleCache.noindex/Session.modulevalidation -Xcc -I/Users/blargou/Library/Developer/Xcode/DerivedData/removebgpro-cvjhjmkxzlqhwybedzglivnkpsen/Build/Intermediates.noindex/removebgpro.build/Debug-iphonesimulator/removebgpro.build/swift-overrides.hmap -emit-const-values -Xfrontend -const-gather-protocols-file -Xfrontend /Users/blargou/Library/Developer/Xcode/DerivedData/removebgpro-cvjhjmkxzlqhwybedzglivnkpsen/Build/Intermediates.noindex/removebgpro.build/Debug-iphonesimulator/removebgpro.build/Objects-normal/arm64/removebgpro_const_extract_protocols.json -Xcc -iquote -Xcc /Users/blargou/Library/Developer/Xcode/DerivedData/removebgpro-cvjhjmkxzlqhwybedzglivnkpsen/Build/Intermediates.noindex/removebgpro.build/Debug-iphonesimulator/removebgpro.build/removebgpro-generated-files.hmap -Xcc -I/Users/blargou/Library/Developer/Xcode/DerivedData/removebgpro-cvjhjmkxzlqhwybedzglivnkpsen/Build/Intermediates.noindex/removebgpro.build/Debug-iphonesimulator/removebgpro.build/removebgpro-own-target-headers.hmap -Xcc -I/Users/blargou/Library/Developer/Xcode/DerivedData/removebgpro-cvjhjmkxzlqhwybedzglivnkpsen/Build/Intermediates.noindex/removebgpro.build/Debug-iphonesimulator/removebgpro.build/removebgpro-all-target-headers.hmap -Xcc -iquote -Xcc /Users/blargou/Library/Developer/Xcode/DerivedData/removebgpro-cvjhjmkxzlqhwybedzglivnkpsen/Build/Intermediates.noindex/removebgpro.build/Debug-iphonesimulator/removebgpro.build/removebgpro-project-headers.hmap -Xcc -I/Users/blargou/Library/Developer/Xcode/DerivedData/removebgpro-cvjhjmkxzlqhwybedzglivnkpsen/Build/Products/Debug-iphonesimulator/include -Xcc -I/Users/blargou/Library/Developer/Xcode/DerivedData/removebgpro-cvjhjmkxzlqhwybedzglivnkpsen/Build/Intermediates.noindex/removebgpro.build/Debug-iphonesimulator/removebgpro.build/DerivedSources-normal/arm64 -Xcc -I/Users/blargou/Library/Developer/Xcode/DerivedData/removebgpro-cvjhjmkxzlqhwybedzglivnkpsen/Build/Intermediates.noindex/removebgpro.build/Debug-iphonesimulator/removebgpro.build/DerivedSources/arm64 -Xcc -I/Users/blargou/Library/Developer/Xcode/DerivedData/removebgpro-cvjhjmkxzlqhwybedzglivnkpsen/Build/Intermediates.noindex/removebgpro.build/Debug-iphonesimulator/removebgpro.build/DerivedSources -Xcc -DDEBUG\=1 -emit-objc-header -emit-objc-header-path /Users/blargou/Library/Developer/Xcode/DerivedData/removebgpro-cvjhjmkxzlqhwybedzglivnkpsen/Build/Intermediates.noindex/removebgpro.build/Debug-iphonesimulator/removebgpro.build/Objects-normal/arm64/removebgpro-Swift.h -working-directory /Users/blargou/Desktop/removebgpro -experimental-emit-module-separately -disable-cmo

SwiftEmitModule normal arm64 Emitting\ module\ for\ removebgpro (in target 'removebgpro' from project 'removebgpro')

EmitSwiftModule normal arm64 (in target 'removebgpro' from project 'removebgpro')
    cd /Users/blargou/Desktop/removebgpro
    

SwiftDriver\ Compilation removebgpro normal arm64 com.apple.xcode.tools.swift.compiler (in target 'removebgpro' from project 'removebgpro')
    cd /Users/blargou/Desktop/removebgpro
    builtin-Swift-Compilation -- /Applications/Xcode.app/Contents/Developer/Toolchains/XcodeDefault.xctoolchain/usr/bin/swiftc -module-name removebgpro -Onone -enforce-exclusivity\=checked @/Users/blargou/Library/Developer/Xcode/DerivedData/removebgpro-cvjhjmkxzlqhwybedzglivnkpsen/Build/Intermediates.noindex/removebgpro.build/Debug-iphonesimulator/removebgpro.build/Objects-normal/arm64/removebgpro.SwiftFileList -DDEBUG -default-isolation\=MainActor -enable-bare-slash-regex -enable-upcoming-feature DisableOutwardActorInference -enable-upcoming-feature InferSendableFromCaptures -enable-upcoming-feature GlobalActorIsolatedTypesUsability -enable-upcoming-feature MemberImportVisibility -enable-upcoming-feature InferIsolatedConformances -enable-upcoming-feature NonisolatedNonsendingByDefault -enable-experimental-feature DebugDescriptionMacro -sdk /Applications/Xcode.app/Contents/Developer/Platforms/iPhoneSimulator.platform/Developer/SDKs/iPhoneSimulator26.2.sdk -target arm64-apple-ios16.6-simulator -g -module-cache-path /Users/blargou/Library/Developer/Xcode/DerivedData/ModuleCache.noindex -Xfrontend -serialize-debugging-options -profile-coverage-mapping -profile-generate -enable-testing -index-store-path /Users/blargou/Library/Developer/Xcode/DerivedData/removebgpro-cvjhjmkxzlqhwybedzglivnkpsen/Index.noindex/DataStore -Xcc -D_LIBCPP_HARDENING_MODE\=_LIBCPP_HARDENING_MODE_DEBUG -swift-version 5 -I /Users/blargou/Library/Developer/Xcode/DerivedData/removebgpro-cvjhjmkxzlqhwybedzglivnkpsen/Build/Products/Debug-iphonesimulator -F /Users/blargou/Library/Developer/Xcode/DerivedData/removebgpro-cvjhjmkxzlqhwybedzglivnkpsen/Build/Products/Debug-iphonesimulator -emit-localized-strings -emit-localized-strings-path /Users/blargou/Library/Developer/Xcode/DerivedData/removebgpro-cvjhjmkxzlqhwybedzglivnkpsen/Build/Intermediates.noindex/removebgpro.build/Debug-iphonesimulator/removebgpro.build/Objects-normal/arm64 -c -j8 -enable-batch-mode -incremental -Xcc -ivfsstatcache -Xcc /Users/blargou/Library/Developer/Xcode/DerivedData/SDKStatCaches.noindex/iphonesimulator26.2-23C53-7d00a8b37fbd7999ea79df8ebc024bf0.sdkstatcache -output-file-map /Users/blargou/Library/Developer/Xcode/DerivedData/removebgpro-cvjhjmkxzlqhwybedzglivnkpsen/Build/Intermediates.noindex/removebgpro.build/Debug-iphonesimulator/removebgpro.build/Objects-normal/arm64/removebgpro-OutputFileMap.json -use-frontend-parseable-output -save-temps -no-color-diagnostics -explicit-module-build -module-cache-path /Users/blargou/Library/Developer/Xcode/DerivedData/removebgpro-cvjhjmkxzlqhwybedzglivnkpsen/Build/Intermediates.noindex/SwiftExplicitPrecompiledModules -clang-scanner-module-cache-path /Users/blargou/Library/Developer/Xcode/DerivedData/ModuleCache.noindex -sdk-module-cache-path /Users/blargou/Library/Developer/Xcode/DerivedData/ModuleCache.noindex -serialize-diagnostics -emit-dependencies -emit-module -emit-module-path /Users/blargou/Library/Developer/Xcode/DerivedData/removebgpro-cvjhjmkxzlqhwybedzglivnkpsen/Build/Intermediates.noindex/removebgpro.build/Debug-iphonesimulator/removebgpro.build/Objects-normal/arm64/removebgpro.swiftmodule -validate-clang-modules-once -clang-build-session-file /Users/blargou/Library/Developer/Xcode/DerivedData/ModuleCache.noindex/Session.modulevalidation -Xcc -I/Users/blargou/Library/Developer/Xcode/DerivedData/removebgpro-cvjhjmkxzlqhwybedzglivnkpsen/Build/Intermediates.noindex/removebgpro.build/Debug-iphonesimulator/removebgpro.build/swift-overrides.hmap -emit-const-values -Xfrontend -const-gather-protocols-file -Xfrontend /Users/blargou/Library/Developer/Xcode/DerivedData/removebgpro-cvjhjmkxzlqhwybedzglivnkpsen/Build/Intermediates.noindex/removebgpro.build/Debug-iphonesimulator/removebgpro.build/Objects-normal/arm64/removebgpro_const_extract_protocols.json -Xcc -iquote -Xcc /Users/blargou/Library/Developer/Xcode/DerivedData/removebgpro-cvjhjmkxzlqhwybedzglivnkpsen/Build/Intermediates.noindex/removebgpro.build/Debug-iphonesimulator/removebgpro.build/removebgpro-generated-files.hmap -Xcc -I/Users/blargou/Library/Developer/Xcode/DerivedData/removebgpro-cvjhjmkxzlqhwybedzglivnkpsen/Build/Intermediates.noindex/removebgpro.build/Debug-iphonesimulator/removebgpro.build/removebgpro-own-target-headers.hmap -Xcc -I/Users/blargou/Library/Developer/Xcode/DerivedData/removebgpro-cvjhjmkxzlqhwybedzglivnkpsen/Build/Intermediates.noindex/removebgpro.build/Debug-iphonesimulator/removebgpro.build/removebgpro-all-target-headers.hmap -Xcc -iquote -Xcc /Users/blargou/Library/Developer/Xcode/DerivedData/removebgpro-cvjhjmkxzlqhwybedzglivnkpsen/Build/Intermediates.noindex/removebgpro.build/Debug-iphonesimulator/removebgpro.build/removebgpro-project-headers.hmap -Xcc -I/Users/blargou/Library/Developer/Xcode/DerivedData/removebgpro-cvjhjmkxzlqhwybedzglivnkpsen/Build/Products/Debug-iphonesimulator/include -Xcc -I/Users/blargou/Library/Developer/Xcode/DerivedData/removebgpro-cvjhjmkxzlqhwybedzglivnkpsen/Build/Intermediates.noindex/removebgpro.build/Debug-iphonesimulator/removebgpro.build/DerivedSources-normal/arm64 -Xcc -I/Users/blargou/Library/Developer/Xcode/DerivedData/removebgpro-cvjhjmkxzlqhwybedzglivnkpsen/Build/Intermediates.noindex/removebgpro.build/Debug-iphonesimulator/removebgpro.build/DerivedSources/arm64 -Xcc -I/Users/blargou/Library/Developer/Xcode/DerivedData/removebgpro-cvjhjmkxzlqhwybedzglivnkpsen/Build/Intermediates.noindex/removebgpro.build/Debug-iphonesimulator/removebgpro.build/DerivedSources -Xcc -DDEBUG\=1 -emit-objc-header -emit-objc-header-path /Users/blargou/Library/Developer/Xcode/DerivedData/removebgpro-cvjhjmkxzlqhwybedzglivnkpsen/Build/Intermediates.noindex/removebgpro.build/Debug-iphonesimulator/removebgpro.build/Objects-normal/arm64/removebgpro-Swift.h -working-directory /Users/blargou/Desktop/removebgpro -experimental-emit-module-separately -disable-cmo

SwiftDriverJobDiscovery normal arm64 Emitting module for removebgpro (in target 'removebgpro' from project 'removebgpro')

SwiftDriver\ Compilation\ Requirements removebgpro normal arm64 com.apple.xcode.tools.swift.compiler (in target 'removebgpro' from project 'removebgpro')
    cd /Users/blargou/Desktop/removebgpro
    builtin-Swift-Compilation-Requirements -- /Applications/Xcode.app/Contents/Developer/Toolchains/XcodeDefault.xctoolchain/usr/bin/swiftc -module-name removebgpro -Onone -enforce-exclusivity\=checked @/Users/blargou/Library/Developer/Xcode/DerivedData/removebgpro-cvjhjmkxzlqhwybedzglivnkpsen/Build/Intermediates.noindex/removebgpro.build/Debug-iphonesimulator/removebgpro.build/Objects-normal/arm64/removebgpro.SwiftFileList -DDEBUG -default-isolation\=MainActor -enable-bare-slash-regex -enable-upcoming-feature DisableOutwardActorInference -enable-upcoming-feature InferSendableFromCaptures -enable-upcoming-feature GlobalActorIsolatedTypesUsability -enable-upcoming-feature MemberImportVisibility -enable-upcoming-feature InferIsolatedConformances -enable-upcoming-feature NonisolatedNonsendingByDefault -enable-experimental-feature DebugDescriptionMacro -sdk /Applications/Xcode.app/Contents/Developer/Platforms/iPhoneSimulator.platform/Developer/SDKs/iPhoneSimulator26.2.sdk -target arm64-apple-ios16.6-simulator -g -module-cache-path /Users/blargou/Library/Developer/Xcode/DerivedData/ModuleCache.noindex -Xfrontend -serialize-debugging-options -profile-coverage-mapping -profile-generate -enable-testing -index-store-path /Users/blargou/Library/Developer/Xcode/DerivedData/removebgpro-cvjhjmkxzlqhwybedzglivnkpsen/Index.noindex/DataStore -Xcc -D_LIBCPP_HARDENING_MODE\=_LIBCPP_HARDENING_MODE_DEBUG -swift-version 5 -I /Users/blargou/Library/Developer/Xcode/DerivedData/removebgpro-cvjhjmkxzlqhwybedzglivnkpsen/Build/Products/Debug-iphonesimulator -F /Users/blargou/Library/Developer/Xcode/DerivedData/removebgpro-cvjhjmkxzlqhwybedzglivnkpsen/Build/Products/Debug-iphonesimulator -emit-localized-strings -emit-localized-strings-path /Users/blargou/Library/Developer/Xcode/DerivedData/removebgpro-cvjhjmkxzlqhwybedzglivnkpsen/Build/Intermediates.noindex/removebgpro.build/Debug-iphonesimulator/removebgpro.build/Objects-normal/arm64 -c -j8 -enable-batch-mode -incremental -Xcc -ivfsstatcache -Xcc /Users/blargou/Library/Developer/Xcode/DerivedData/SDKStatCaches.noindex/iphonesimulator26.2-23C53-7d00a8b37fbd7999ea79df8ebc024bf0.sdkstatcache -output-file-map /Users/blargou/Library/Developer/Xcode/DerivedData/removebgpro-cvjhjmkxzlqhwybedzglivnkpsen/Build/Intermediates.noindex/removebgpro.build/Debug-iphonesimulator/removebgpro.build/Objects-normal/arm64/removebgpro-OutputFileMap.json -use-frontend-parseable-output -save-temps -no-color-diagnostics -explicit-module-build -module-cache-path /Users/blargou/Library/Developer/Xcode/DerivedData/removebgpro-cvjhjmkxzlqhwybedzglivnkpsen/Build/Intermediates.noindex/SwiftExplicitPrecompiledModules -clang-scanner-module-cache-path /Users/blargou/Library/Developer/Xcode/DerivedData/ModuleCache.noindex -sdk-module-cache-path /Users/blargou/Library/Developer/Xcode/DerivedData/ModuleCache.noindex -serialize-diagnostics -emit-dependencies -emit-module -emit-module-path /Users/blargou/Library/Developer/Xcode/DerivedData/removebgpro-cvjhjmkxzlqhwybedzglivnkpsen/Build/Intermediates.noindex/removebgpro.build/Debug-iphonesimulator/removebgpro.build/Objects-normal/arm64/removebgpro.swiftmodule -validate-clang-modules-once -clang-build-session-file /Users/blargou/Library/Developer/Xcode/DerivedData/ModuleCache.noindex/Session.modulevalidation -Xcc -I/Users/blargou/Library/Developer/Xcode/DerivedData/removebgpro-cvjhjmkxzlqhwybedzglivnkpsen/Build/Intermediates.noindex/removebgpro.build/Debug-iphonesimulator/removebgpro.build/swift-overrides.hmap -emit-const-values -Xfrontend -const-gather-protocols-file -Xfrontend /Users/blargou/Library/Developer/Xcode/DerivedData/removebgpro-cvjhjmkxzlqhwybedzglivnkpsen/Build/Intermediates.noindex/removebgpro.build/Debug-iphonesimulator/removebgpro.build/Objects-normal/arm64/removebgpro_const_extract_protocols.json -Xcc -iquote -Xcc /Users/blargou/Library/Developer/Xcode/DerivedData/removebgpro-cvjhjmkxzlqhwybedzglivnkpsen/Build/Intermediates.noindex/removebgpro.build/Debug-iphonesimulator/removebgpro.build/removebgpro-generated-files.hmap -Xcc -I/Users/blargou/Library/Developer/Xcode/DerivedData/removebgpro-cvjhjmkxzlqhwybedzglivnkpsen/Build/Intermediates.noindex/removebgpro.build/Debug-iphonesimulator/removebgpro.build/removebgpro-own-target-headers.hmap -Xcc -I/Users/blargou/Library/Developer/Xcode/DerivedData/removebgpro-cvjhjmkxzlqhwybedzglivnkpsen/Build/Intermediates.noindex/removebgpro.build/Debug-iphonesimulator/removebgpro.build/removebgpro-all-target-headers.hmap -Xcc -iquote -Xcc /Users/blargou/Library/Developer/Xcode/DerivedData/removebgpro-cvjhjmkxzlqhwybedzglivnkpsen/Build/Intermediates.noindex/removebgpro.build/Debug-iphonesimulator/removebgpro.build/removebgpro-project-headers.hmap -Xcc -I/Users/blargou/Library/Developer/Xcode/DerivedData/removebgpro-cvjhjmkxzlqhwybedzglivnkpsen/Build/Products/Debug-iphonesimulator/include -Xcc -I/Users/blargou/Library/Developer/Xcode/DerivedData/removebgpro-cvjhjmkxzlqhwybedzglivnkpsen/Build/Intermediates.noindex/removebgpro.build/Debug-iphonesimulator/removebgpro.build/DerivedSources-normal/arm64 -Xcc -I/Users/blargou/Library/Developer/Xcode/DerivedData/removebgpro-cvjhjmkxzlqhwybedzglivnkpsen/Build/Intermediates.noindex/removebgpro.build/Debug-iphonesimulator/removebgpro.build/DerivedSources/arm64 -Xcc -I/Users/blargou/Library/Developer/Xcode/DerivedData/removebgpro-cvjhjmkxzlqhwybedzglivnkpsen/Build/Intermediates.noindex/removebgpro.build/Debug-iphonesimulator/removebgpro.build/DerivedSources -Xcc -DDEBUG\=1 -emit-objc-header -emit-objc-header-path /Users/blargou/Library/Developer/Xcode/DerivedData/removebgpro-cvjhjmkxzlqhwybedzglivnkpsen/Build/Intermediates.noindex/removebgpro.build/Debug-iphonesimulator/removebgpro.build/Objects-normal/arm64/removebgpro-Swift.h -working-directory /Users/blargou/Desktop/removebgpro -experimental-emit-module-separately -disable-cmo

Copy /Users/blargou/Library/Developer/Xcode/DerivedData/removebgpro-cvjhjmkxzlqhwybedzglivnkpsen/Build/Products/Debug-iphonesimulator/removebgpro.swiftmodule/Project/arm64-apple-ios-simulator.swiftsourceinfo /Users/blargou/Library/Developer/Xcode/DerivedData/removebgpro-cvjhjmkxzlqhwybedzglivnkpsen/Build/Intermediates.noindex/removebgpro.build/Debug-iphonesimulator/removebgpro.build/Objects-normal/arm64/removebgpro.swiftsourceinfo (in target 'removebgpro' from project 'removebgpro')
    cd /Users/blargou/Desktop/removebgpro
    builtin-copy -exclude .DS_Store -exclude CVS -exclude .svn -exclude .git -exclude .hg -resolve-src-symlinks -rename /Users/blargou/Library/Developer/Xcode/DerivedData/removebgpro-cvjhjmkxzlqhwybedzglivnkpsen/Build/Intermediates.noindex/removebgpro.build/Debug-iphonesimulator/removebgpro.build/Objects-normal/arm64/removebgpro.swiftsourceinfo /Users/blargou/Library/Developer/Xcode/DerivedData/removebgpro-cvjhjmkxzlqhwybedzglivnkpsen/Build/Products/Debug-iphonesimulator/removebgpro.swiftmodule/Project/arm64-apple-ios-simulator.swiftsourceinfo

Copy /Users/blargou/Library/Developer/Xcode/DerivedData/removebgpro-cvjhjmkxzlqhwybedzglivnkpsen/Build/Products/Debug-iphonesimulator/removebgpro.swiftmodule/arm64-apple-ios-simulator.swiftmodule /Users/blargou/Library/Developer/Xcode/DerivedData/removebgpro-cvjhjmkxzlqhwybedzglivnkpsen/Build/Intermediates.noindex/removebgpro.build/Debug-iphonesimulator/removebgpro.build/Objects-normal/arm64/removebgpro.swiftmodule (in target 'removebgpro' from project 'removebgpro')
    cd /Users/blargou/Desktop/removebgpro
    builtin-copy -exclude .DS_Store -exclude CVS -exclude .svn -exclude .git -exclude .hg -resolve-src-symlinks -rename /Users/blargou/Library/Developer/Xcode/DerivedData/removebgpro-cvjhjmkxzlqhwybedzglivnkpsen/Build/Intermediates.noindex/removebgpro.build/Debug-iphonesimulator/removebgpro.build/Objects-normal/arm64/removebgpro.swiftmodule /Users/blargou/Library/Developer/Xcode/DerivedData/removebgpro-cvjhjmkxzlqhwybedzglivnkpsen/Build/Products/Debug-iphonesimulator/removebgpro.swiftmodule/arm64-apple-ios-simulator.swiftmodule

Copy /Users/blargou/Library/Developer/Xcode/DerivedData/removebgpro-cvjhjmkxzlqhwybedzglivnkpsen/Build/Products/Debug-iphonesimulator/removebgpro.swiftmodule/arm64-apple-ios-simulator.abi.json /Users/blargou/Library/Developer/Xcode/DerivedData/removebgpro-cvjhjmkxzlqhwybedzglivnkpsen/Build/Intermediates.noindex/removebgpro.build/Debug-iphonesimulator/removebgpro.build/Objects-normal/arm64/removebgpro.abi.json (in target 'removebgpro' from project 'removebgpro')
    cd /Users/blargou/Desktop/removebgpro
    builtin-copy -exclude .DS_Store -exclude CVS -exclude .svn -exclude .git -exclude .hg -resolve-src-symlinks -rename /Users/blargou/Library/Developer/Xcode/DerivedData/removebgpro-cvjhjmkxzlqhwybedzglivnkpsen/Build/Intermediates.noindex/removebgpro.build/Debug-iphonesimulator/removebgpro.build/Objects-normal/arm64/removebgpro.abi.json /Users/blargou/Library/Developer/Xcode/DerivedData/removebgpro-cvjhjmkxzlqhwybedzglivnkpsen/Build/Products/Debug-iphonesimulator/removebgpro.swiftmodule/arm64-apple-ios-simulator.abi.json

Ld /Users/blargou/Library/Developer/Xcode/DerivedData/removebgpro-cvjhjmkxzlqhwybedzglivnkpsen/Build/Products/Debug-iphonesimulator/removebgpro.app/removebgpro.debug.dylib normal (in target 'removebgpro' from project 'removebgpro')
    cd /Users/blargou/Desktop/removebgpro
    /Applications/Xcode.app/Contents/Developer/Toolchains/XcodeDefault.xctoolchain/usr/bin/clang -Xlinker -reproducible -target arm64-apple-ios16.6-simulator -dynamiclib -isysroot /Applications/Xcode.app/Contents/Developer/Platforms/iPhoneSimulator.platform/Developer/SDKs/iPhoneSimulator26.2.sdk -O0 -L/Users/blargou/Library/Developer/Xcode/DerivedData/removebgpro-cvjhjmkxzlqhwybedzglivnkpsen/Build/Intermediates.noindex/EagerLinkingTBDs/Debug-iphonesimulator -L/Users/blargou/Library/Developer/Xcode/DerivedData/removebgpro-cvjhjmkxzlqhwybedzglivnkpsen/Build/Products/Debug-iphonesimulator -F/Users/blargou/Library/Developer/Xcode/DerivedData/removebgpro-cvjhjmkxzlqhwybedzglivnkpsen/Build/Intermediates.noindex/EagerLinkingTBDs/Debug-iphonesimulator -F/Users/blargou/Library/Developer/Xcode/DerivedData/removebgpro-cvjhjmkxzlqhwybedzglivnkpsen/Build/Products/Debug-iphonesimulator -filelist /Users/blargou/Library/Developer/Xcode/DerivedData/removebgpro-cvjhjmkxzlqhwybedzglivnkpsen/Build/Intermediates.noindex/removebgpro.build/Debug-iphonesimulator/removebgpro.build/Objects-normal/arm64/removebgpro.LinkFileList -install_name @rpath/removebgpro.debug.dylib -Xlinker -rpath -Xlinker /usr/lib/swift -Xlinker -rpath -Xlinker @executable_path/Frameworks -dead_strip -Xlinker -object_path_lto -Xlinker /Users/blargou/Library/Developer/Xcode/DerivedData/removebgpro-cvjhjmkxzlqhwybedzglivnkpsen/Build/Intermediates.noindex/removebgpro.build/Debug-iphonesimulator/removebgpro.build/Objects-normal/arm64/removebgpro_lto.o -rdynamic -Xlinker -no_deduplicate -Xlinker -objc_abi_version -Xlinker 2 -Xlinker -debug_variant -Xlinker -dependency_info -Xlinker /Users/blargou/Library/Developer/Xcode/DerivedData/removebgpro-cvjhjmkxzlqhwybedzglivnkpsen/Build/Intermediates.noindex/removebgpro.build/Debug-iphonesimulator/removebgpro.build/Objects-normal/arm64/removebgpro_dependency_info.dat -fobjc-link-runtime -fprofile-instr-generate -L/Applications/Xcode.app/Contents/Developer/Toolchains/XcodeDefault.xctoolchain/usr/lib/swift/iphonesimulator -L/usr/lib/swift -Xlinker -add_ast_path -Xlinker /Users/blargou/Library/Developer/Xcode/DerivedData/removebgpro-cvjhjmkxzlqhwybedzglivnkpsen/Build/Intermediates.noindex/removebgpro.build/Debug-iphonesimulator/removebgpro.build/Objects-normal/arm64/removebgpro.swiftmodule @/Users/blargou/Library/Developer/Xcode/DerivedData/removebgpro-cvjhjmkxzlqhwybedzglivnkpsen/Build/Intermediates.noindex/removebgpro.build/Debug-iphonesimulator/removebgpro.build/Objects-normal/arm64/removebgpro-linker-args.resp -Xlinker -alias -Xlinker _main -Xlinker ___debug_main_executable_dylib_entry_point -Xlinker -no_adhoc_codesign -o /Users/blargou/Library/Developer/Xcode/DerivedData/removebgpro-cvjhjmkxzlqhwybedzglivnkpsen/Build/Products/Debug-iphonesimulator/removebgpro.app/removebgpro.debug.dylib

ConstructStubExecutorLinkFileList /Users/blargou/Library/Developer/Xcode/DerivedData/removebgpro-cvjhjmkxzlqhwybedzglivnkpsen/Build/Intermediates.noindex/removebgpro.build/Debug-iphonesimulator/removebgpro.build/removebgpro-ExecutorLinkFileList-normal-arm64.txt (in target 'removebgpro' from project 'removebgpro')
    cd /Users/blargou/Desktop/removebgpro
    construct-stub-executor-link-file-list /Users/blargou/Library/Developer/Xcode/DerivedData/removebgpro-cvjhjmkxzlqhwybedzglivnkpsen/Build/Products/Debug-iphonesimulator/removebgpro.app/removebgpro.debug.dylib /Applications/Xcode.app/Contents/Developer/Platforms/iPhoneSimulator.platform/Developer/usr/lib/libPreviewsJITStubExecutor_no_swift_entry_point.a /Applications/Xcode.app/Contents/Developer/Platforms/iPhoneSimulator.platform/Developer/usr/lib/libPreviewsJITStubExecutor.a --output /Users/blargou/Library/Developer/Xcode/DerivedData/removebgpro-cvjhjmkxzlqhwybedzglivnkpsen/Build/Intermediates.noindex/removebgpro.build/Debug-iphonesimulator/removebgpro.build/removebgpro-ExecutorLinkFileList-normal-arm64.txt
note: Using stub executor library with Swift entry point. (in target 'removebgpro' from project 'removebgpro')

Ld /Users/blargou/Library/Developer/Xcode/DerivedData/removebgpro-cvjhjmkxzlqhwybedzglivnkpsen/Build/Products/Debug-iphonesimulator/removebgpro.app/removebgpro normal (in target 'removebgpro' from project 'removebgpro')
    cd /Users/blargou/Desktop/removebgpro
    /Applications/Xcode.app/Contents/Developer/Toolchains/XcodeDefault.xctoolchain/usr/bin/clang -Xlinker -reproducible -target arm64-apple-ios16.6-simulator -isysroot /Applications/Xcode.app/Contents/Developer/Platforms/iPhoneSimulator.platform/Developer/SDKs/iPhoneSimulator26.2.sdk -O0 -L/Users/blargou/Library/Developer/Xcode/DerivedData/removebgpro-cvjhjmkxzlqhwybedzglivnkpsen/Build/Products/Debug-iphonesimulator -F/Users/blargou/Library/Developer/Xcode/DerivedData/removebgpro-cvjhjmkxzlqhwybedzglivnkpsen/Build/Products/Debug-iphonesimulator -Xlinker -rpath -Xlinker @executable_path -Xlinker -rpath -Xlinker @executable_path/Frameworks -rdynamic -Xlinker -no_deduplicate -Xlinker -objc_abi_version -Xlinker 2 -Xlinker -debug_variant -e ___debug_blank_executor_main -Xlinker -sectcreate -Xlinker __TEXT -Xlinker __debug_dylib -Xlinker /Users/blargou/Library/Developer/Xcode/DerivedData/removebgpro-cvjhjmkxzlqhwybedzglivnkpsen/Build/Intermediates.noindex/removebgpro.build/Debug-iphonesimulator/removebgpro.build/removebgpro-DebugDylibPath-normal-arm64.txt -Xlinker -sectcreate -Xlinker __TEXT -Xlinker __debug_instlnm -Xlinker /Users/blargou/Library/Developer/Xcode/DerivedData/removebgpro-cvjhjmkxzlqhwybedzglivnkpsen/Build/Intermediates.noindex/removebgpro.build/Debug-iphonesimulator/removebgpro.build/removebgpro-DebugDylibInstallName-normal-arm64.txt -Xlinker -filelist -Xlinker /Users/blargou/Library/Developer/Xcode/DerivedData/removebgpro-cvjhjmkxzlqhwybedzglivnkpsen/Build/Intermediates.noindex/removebgpro.build/Debug-iphonesimulator/removebgpro.build/removebgpro-ExecutorLinkFileList-normal-arm64.txt -Xlinker -sectcreate -Xlinker __TEXT -Xlinker __entitlements -Xlinker /Users/blargou/Library/Developer/Xcode/DerivedData/removebgpro-cvjhjmkxzlqhwybedzglivnkpsen/Build/Intermediates.noindex/removebgpro.build/Debug-iphonesimulator/removebgpro.build/removebgpro.app-Simulated.xcent -Xlinker -sectcreate -Xlinker __TEXT -Xlinker __ents_der -Xlinker /Users/blargou/Library/Developer/Xcode/DerivedData/removebgpro-cvjhjmkxzlqhwybedzglivnkpsen/Build/Intermediates.noindex/removebgpro.build/Debug-iphonesimulator/removebgpro.build/removebgpro.app-Simulated.xcent.der /Users/blargou/Library/Developer/Xcode/DerivedData/removebgpro-cvjhjmkxzlqhwybedzglivnkpsen/Build/Products/Debug-iphonesimulator/removebgpro.app/removebgpro.debug.dylib -Xlinker -no_adhoc_codesign -o /Users/blargou/Library/Developer/Xcode/DerivedData/removebgpro-cvjhjmkxzlqhwybedzglivnkpsen/Build/Products/Debug-iphonesimulator/removebgpro.app/removebgpro

LinkAssetCatalog /Users/blargou/Desktop/removebgpro/removebgpro/Assets.xcassets (in target 'removebgpro' from project 'removebgpro')
    cd /Users/blargou/Desktop/removebgpro
    builtin-linkAssetCatalog --thinned /Users/blargou/Library/Developer/Xcode/DerivedData/removebgpro-cvjhjmkxzlqhwybedzglivnkpsen/Build/Intermediates.noindex/removebgpro.build/Debug-iphonesimulator/removebgpro.build/assetcatalog_output/thinned --thinned-dependencies /Users/blargou/Library/Developer/Xcode/DerivedData/removebgpro-cvjhjmkxzlqhwybedzglivnkpsen/Build/Intermediates.noindex/removebgpro.build/Debug-iphonesimulator/removebgpro.build/assetcatalog_dependencies_thinned --thinned-info-plist-content /Users/blargou/Library/Developer/Xcode/DerivedData/removebgpro-cvjhjmkxzlqhwybedzglivnkpsen/Build/Intermediates.noindex/removebgpro.build/Debug-iphonesimulator/removebgpro.build/assetcatalog_generated_info.plist_thinned --unthinned /Users/blargou/Library/Developer/Xcode/DerivedData/removebgpro-cvjhjmkxzlqhwybedzglivnkpsen/Build/Intermediates.noindex/removebgpro.build/Debug-iphonesimulator/removebgpro.build/assetcatalog_output/unthinned --unthinned-dependencies /Users/blargou/Library/Developer/Xcode/DerivedData/removebgpro-cvjhjmkxzlqhwybedzglivnkpsen/Build/Intermediates.noindex/removebgpro.build/Debug-iphonesimulator/removebgpro.build/assetcatalog_dependencies_unthinned --unthinned-info-plist-content /Users/blargou/Library/Developer/Xcode/DerivedData/removebgpro-cvjhjmkxzlqhwybedzglivnkpsen/Build/Intermediates.noindex/removebgpro.build/Debug-iphonesimulator/removebgpro.build/assetcatalog_generated_info.plist_unthinned --output /Users/blargou/Library/Developer/Xcode/DerivedData/removebgpro-cvjhjmkxzlqhwybedzglivnkpsen/Build/Products/Debug-iphonesimulator/removebgpro.app --plist-output /Users/blargou/Library/Developer/Xcode/DerivedData/removebgpro-cvjhjmkxzlqhwybedzglivnkpsen/Build/Intermediates.noindex/removebgpro.build/Debug-iphonesimulator/removebgpro.build/assetcatalog_generated_info.plist
note: Emplaced /Users/blargou/Library/Developer/Xcode/DerivedData/removebgpro-cvjhjmkxzlqhwybedzglivnkpsen/Build/Products/Debug-iphonesimulator/removebgpro.app/Assets.car (in target 'removebgpro' from project 'removebgpro')

ExtractAppIntentsMetadata (in target 'removebgpro' from project 'removebgpro')
    cd /Users/blargou/Desktop/removebgpro
    /Applications/Xcode.app/Contents/Developer/Toolchains/XcodeDefault.xctoolchain/usr/bin/appintentsmetadataprocessor --toolchain-dir /Applications/Xcode.app/Contents/Developer/Toolchains/XcodeDefault.xctoolchain --module-name removebgpro --sdk-root /Applications/Xcode.app/Contents/Developer/Platforms/iPhoneSimulator.platform/Developer/SDKs/iPhoneSimulator26.2.sdk --xcode-version 17C52 --platform-family iOS --deployment-target 16.6 --bundle-identifier devlargou.removebgpro --output /Users/blargou/Library/Developer/Xcode/DerivedData/removebgpro-cvjhjmkxzlqhwybedzglivnkpsen/Build/Products/Debug-iphonesimulator/removebgpro.app --target-triple arm64-apple-ios16.6-simulator --binary-file /Users/blargou/Library/Developer/Xcode/DerivedData/removebgpro-cvjhjmkxzlqhwybedzglivnkpsen/Build/Products/Debug-iphonesimulator/removebgpro.app/removebgpro --dependency-file /Users/blargou/Library/Developer/Xcode/DerivedData/removebgpro-cvjhjmkxzlqhwybedzglivnkpsen/Build/Intermediates.noindex/removebgpro.build/Debug-iphonesimulator/removebgpro.build/Objects-normal/arm64/removebgpro_dependency_info.dat --stringsdata-file /Users/blargou/Library/Developer/Xcode/DerivedData/removebgpro-cvjhjmkxzlqhwybedzglivnkpsen/Build/Intermediates.noindex/removebgpro.build/Debug-iphonesimulator/removebgpro.build/Objects-normal/arm64/ExtractedAppShortcutsMetadata.stringsdata --source-file-list /Users/blargou/Library/Developer/Xcode/DerivedData/removebgpro-cvjhjmkxzlqhwybedzglivnkpsen/Build/Intermediates.noindex/removebgpro.build/Debug-iphonesimulator/removebgpro.build/Objects-normal/arm64/removebgpro.SwiftFileList --metadata-file-list /Users/blargou/Library/Developer/Xcode/DerivedData/removebgpro-cvjhjmkxzlqhwybedzglivnkpsen/Build/Intermediates.noindex/removebgpro.build/Debug-iphonesimulator/removebgpro.build/removebgpro.DependencyMetadataFileList --static-metadata-file-list /Users/blargou/Library/Developer/Xcode/DerivedData/removebgpro-cvjhjmkxzlqhwybedzglivnkpsen/Build/Intermediates.noindex/removebgpro.build/Debug-iphonesimulator/removebgpro.build/removebgpro.DependencyStaticMetadataFileList --swift-const-vals-list /Users/blargou/Library/Developer/Xcode/DerivedData/removebgpro-cvjhjmkxzlqhwybedzglivnkpsen/Build/Intermediates.noindex/removebgpro.build/Debug-iphonesimulator/removebgpro.build/Objects-normal/arm64/removebgpro.SwiftConstValuesFileList --compile-time-extraction --deployment-aware-processing --validate-assistant-intents --no-app-shortcuts-localization
2026-02-05 19:44:02.469 appintentsmetadataprocessor[56257:1215343] Starting appintentsmetadataprocessor export
2026-02-05 19:44:02.476 appintentsmetadataprocessor[56257:1215343] warning: Metadata extraction skipped. No AppIntents.framework dependency found.

ProcessInfoPlistFile /Users/blargou/Library/Developer/Xcode/DerivedData/removebgpro-cvjhjmkxzlqhwybedzglivnkpsen/Build/Products/Debug-iphonesimulator/removebgpro.app/Info.plist /Users/blargou/Library/Developer/Xcode/DerivedData/removebgpro-cvjhjmkxzlqhwybedzglivnkpsen/Build/Intermediates.noindex/removebgpro.build/Debug-iphonesimulator/removebgpro.build/empty-removebgpro.plist (in target 'removebgpro' from project 'removebgpro')
    cd /Users/blargou/Desktop/removebgpro
    builtin-infoPlistUtility /Users/blargou/Library/Developer/Xcode/DerivedData/removebgpro-cvjhjmkxzlqhwybedzglivnkpsen/Build/Intermediates.noindex/removebgpro.build/Debug-iphonesimulator/removebgpro.build/empty-removebgpro.plist -producttype com.apple.product-type.application -genpkginfo /Users/blargou/Library/Developer/Xcode/DerivedData/removebgpro-cvjhjmkxzlqhwybedzglivnkpsen/Build/Products/Debug-iphonesimulator/removebgpro.app/PkgInfo -expandbuildsettings -format binary -platform iphonesimulator -additionalcontentfile /Users/blargou/Library/Developer/Xcode/DerivedData/removebgpro-cvjhjmkxzlqhwybedzglivnkpsen/Build/Intermediates.noindex/removebgpro.build/Debug-iphonesimulator/removebgpro.build/assetcatalog_generated_info.plist -o /Users/blargou/Library/Developer/Xcode/DerivedData/removebgpro-cvjhjmkxzlqhwybedzglivnkpsen/Build/Products/Debug-iphonesimulator/removebgpro.app/Info.plist

CopySwiftLibs /Users/blargou/Library/Developer/Xcode/DerivedData/removebgpro-cvjhjmkxzlqhwybedzglivnkpsen/Build/Products/Debug-iphonesimulator/removebgpro.app (in target 'removebgpro' from project 'removebgpro')
    cd /Users/blargou/Desktop/removebgpro
    builtin-swiftStdLibTool --copy --verbose --sign - --scan-executable /Users/blargou/Library/Developer/Xcode/DerivedData/removebgpro-cvjhjmkxzlqhwybedzglivnkpsen/Build/Products/Debug-iphonesimulator/removebgpro.app/removebgpro.debug.dylib --scan-folder /Users/blargou/Library/Developer/Xcode/DerivedData/removebgpro-cvjhjmkxzlqhwybedzglivnkpsen/Build/Products/Debug-iphonesimulator/removebgpro.app/Frameworks --scan-folder /Users/blargou/Library/Developer/Xcode/DerivedData/removebgpro-cvjhjmkxzlqhwybedzglivnkpsen/Build/Products/Debug-iphonesimulator/removebgpro.app/PlugIns --scan-folder /Users/blargou/Library/Developer/Xcode/DerivedData/removebgpro-cvjhjmkxzlqhwybedzglivnkpsen/Build/Products/Debug-iphonesimulator/removebgpro.app/SystemExtensions --scan-folder /Users/blargou/Library/Developer/Xcode/DerivedData/removebgpro-cvjhjmkxzlqhwybedzglivnkpsen/Build/Products/Debug-iphonesimulator/removebgpro.app/Extensions --platform iphonesimulator --toolchain /Applications/Xcode.app/Contents/Developer/Toolchains/XcodeDefault.xctoolchain --destination /Users/blargou/Library/Developer/Xcode/DerivedData/removebgpro-cvjhjmkxzlqhwybedzglivnkpsen/Build/Products/Debug-iphonesimulator/removebgpro.app/Frameworks --strip-bitcode --strip-bitcode-tool /Applications/Xcode.app/Contents/Developer/Toolchains/XcodeDefault.xctoolchain/usr/bin/bitcode_strip --emit-dependency-info /Users/blargou/Library/Developer/Xcode/DerivedData/removebgpro-cvjhjmkxzlqhwybedzglivnkpsen/Build/Intermediates.noindex/removebgpro.build/Debug-iphonesimulator/removebgpro.build/SwiftStdLibToolInputDependencies.dep --filter-for-swift-os --back-deploy-swift-span

CodeSign /Users/blargou/Library/Developer/Xcode/DerivedData/removebgpro-cvjhjmkxzlqhwybedzglivnkpsen/Build/Products/Debug-iphonesimulator/removebgpro.app/removebgpro.debug.dylib (in target 'removebgpro' from project 'removebgpro')
    cd /Users/blargou/Desktop/removebgpro
    
    Signing Identity:     "Sign to Run Locally"
    
    /usr/bin/codesign --force --sign - --timestamp\=none --generate-entitlement-der /Users/blargou/Library/Developer/Xcode/DerivedData/removebgpro-cvjhjmkxzlqhwybedzglivnkpsen/Build/Products/Debug-iphonesimulator/removebgpro.app/removebgpro.debug.dylib

CodeSign /Users/blargou/Library/Developer/Xcode/DerivedData/removebgpro-cvjhjmkxzlqhwybedzglivnkpsen/Build/Products/Debug-iphonesimulator/removebgpro.app/__preview.dylib (in target 'removebgpro' from project 'removebgpro')
    cd /Users/blargou/Desktop/removebgpro
    
    Signing Identity:     "Sign to Run Locally"
    
    /usr/bin/codesign --force --sign - --timestamp\=none --generate-entitlement-der /Users/blargou/Library/Developer/Xcode/DerivedData/removebgpro-cvjhjmkxzlqhwybedzglivnkpsen/Build/Products/Debug-iphonesimulator/removebgpro.app/__preview.dylib

CodeSign /Users/blargou/Library/Developer/Xcode/DerivedData/removebgpro-cvjhjmkxzlqhwybedzglivnkpsen/Build/Products/Debug-iphonesimulator/removebgpro.app (in target 'removebgpro' from project 'removebgpro')
    cd /Users/blargou/Desktop/removebgpro
    
    Signing Identity:     "Sign to Run Locally"
    
    /usr/bin/codesign --force --sign - --timestamp\=none --generate-entitlement-der /Users/blargou/Library/Developer/Xcode/DerivedData/removebgpro-cvjhjmkxzlqhwybedzglivnkpsen/Build/Products/Debug-iphonesimulator/removebgpro.app

Validate /Users/blargou/Library/Developer/Xcode/DerivedData/removebgpro-cvjhjmkxzlqhwybedzglivnkpsen/Build/Products/Debug-iphonesimulator/removebgpro.app (in target 'removebgpro' from project 'removebgpro')
    cd /Users/blargou/Desktop/removebgpro
    builtin-validationUtility /Users/blargou/Library/Developer/Xcode/DerivedData/removebgpro-cvjhjmkxzlqhwybedzglivnkpsen/Build/Products/Debug-iphonesimulator/removebgpro.app -shallow-bundle -infoplist-subpath Info.plist

** BUILD SUCCEEDED **

